codigos de clase11

Set-ExecutionPolicy -Scope CurrentUser -ExecutionPolicy RemoteSigned
PS D:\proyecto> npm init playwright@latest

> npx
> create-playwright

Getting started with writing end-to-end tests with Playwright:
Initializing project in '.'
âˆš Do you want to use TypeScript or JavaScript? Â· TypeScript
âˆš Where to put your end-to-end tests? Â· tests
âˆš Add a GitHub Actions workflow? (y/N) Â· false
âˆš Install Playwright browsers (can be done manually via 'npx playwright install')? (Y/n) Â· true
Initializing NPM project (npm init -y)â€¦
Wrote to D:\proyecto\package.json:

{
  "name": "proyecto",
  "version": "1.0.0",
  "main": "index.js",
  "scripts": {
    "test": "echo \"Error: no test specified\" && exit 1"
  },
  "keywords": [],
  "author": "",
  "license": "ISC",
  "description": ""
}



Installing Playwright Test (npm install --save-dev @playwright/test)â€¦

added 3 packages, and audited 4 packages in 2s

found 0 vulnerabilities
Installing Types (npm install --save-dev @types/node)â€¦

added 2 packages, and audited 6 packages in 1s

found 0 vulnerabilities
Writing playwright.config.ts.
Writing tests\example.spec.ts.
Writing tests-examples\demo-todo-app.spec.ts.
Writing package.json.
Downloading browsers (npx playwright install)â€¦
âœ” Success! Created a Playwright Test project at D:\proyecto

Inside that directory, you can run several commands:

  npx playwright test
    Runs the end-to-end tests.

  npx playwright test --ui
    Starts the interactive UI mode.

  npx playwright test --project=chromium
    Runs the tests only on Desktop Chrome.

  npx playwright test example
    Runs the tests in a specific file.

  npx playwright test --debug
    Runs the tests in debug mode.

  npx playwright codegen
    Auto generate tests with Codegen.

We suggest that you begin by typing:

    npx playwright test

And check out the following files:
  - .\tests\example.spec.ts - Example end-to-end test
  - .\tests-examples\demo-todo-app.spec.ts - Demo Todo App end-to-end tests
  - .\playwright.config.ts - Playwright Test configuration

Visit https://playwright.dev/docs/intro for more information. âœ¨

Happy hacking! ðŸŽ­
PS D:\proyecto> npx playwright test

Running 6 tests using 6 workers
  6 passed (4.4s)

To open last HTML report run:

  npx playwright show-report

PS D:\proyecto> npx playwright show-report

  Serving HTML report at http://localhost:9323. Press Ctrl+C to quit.
PS D:\proyecto> npx playwright test       

Running 6 tests using 6 workers
  6 passed (4.3s)

To open last HTML report run:

  npx playwright show-report

PS D:\proyecto> npx playwright show-report

  Serving HTML report at http://localhost:9323. Press Ctrl+C to quit.
PS D:\proyecto> 
